// Jest Snapshot v1, https://goo.gl/fbAQLP

exports[`CallHistoryReportTable matches snapshot 1`] = `
Object {
  "asFragment": [Function],
  "baseElement": <body>
    <div>
      <table
        class="table u-mt-s"
        id="report-table"
      >
        <thead
          class="table__head u-mt-m"
        >
          <tr
            class="table__row"
          >
            <th
              class="table__header "
              scope="col"
            >
              <span>
                Questionnaire
              </span>
            </th>
            <th
              class="table__header "
              scope="col"
            >
              <span>
                Serial Number
              </span>
            </th>
            <th
              class="table__header "
              scope="col"
            >
              <span>
                Call Start Time
              </span>
            </th>
            <th
              class="table__header "
              scope="col"
            >
              <span>
                Call Length
              </span>
            </th>
            <th
              class="table__header "
              scope="col"
            >
              <span>
                Call Result
              </span>
            </th>
            <th
              class="table__header "
              scope="col"
            >
              <span>
                Outcome Code
              </span>
            </th>
          </tr>
        </thead>
        <tbody
          class="table__body"
        >
          <tr
            class="table__row"
            data-testid="report-table-row"
          >
            <td
              class="table__cell "
            >
              LMS2101_AA1
            </td>
            <td
              class="table__cell "
            >
              900001
            </td>
            <td
              class="table__cell "
            >
              31/01/2022 09:00:00
            </td>
            <td
              class="table__cell "
            >
              01:30
            </td>
            <td
              class="table__cell "
            >
              Appointment
            </td>
            <td
              class="table__cell "
            />
          </tr>
        </tbody>
      </table>
    </div>
  </body>,
  "container": <div>
    <table
      class="table u-mt-s"
      id="report-table"
    >
      <thead
        class="table__head u-mt-m"
      >
        <tr
          class="table__row"
        >
          <th
            class="table__header "
            scope="col"
          >
            <span>
              Questionnaire
            </span>
          </th>
          <th
            class="table__header "
            scope="col"
          >
            <span>
              Serial Number
            </span>
          </th>
          <th
            class="table__header "
            scope="col"
          >
            <span>
              Call Start Time
            </span>
          </th>
          <th
            class="table__header "
            scope="col"
          >
            <span>
              Call Length
            </span>
          </th>
          <th
            class="table__header "
            scope="col"
          >
            <span>
              Call Result
            </span>
          </th>
          <th
            class="table__header "
            scope="col"
          >
            <span>
              Outcome Code
            </span>
          </th>
        </tr>
      </thead>
      <tbody
        class="table__body"
      >
        <tr
          class="table__row"
          data-testid="report-table-row"
        >
          <td
            class="table__cell "
          >
            LMS2101_AA1
          </td>
          <td
            class="table__cell "
          >
            900001
          </td>
          <td
            class="table__cell "
          >
            31/01/2022 09:00:00
          </td>
          <td
            class="table__cell "
          >
            01:30
          </td>
          <td
            class="table__cell "
          >
            Appointment
          </td>
          <td
            class="table__cell "
          />
        </tr>
      </tbody>
    </table>
  </div>,
  "debug": [Function],
  "findAllByAltText": [Function],
  "findAllByDisplayValue": [Function],
  "findAllByLabelText": [Function],
  "findAllByPlaceholderText": [Function],
  "findAllByRole": [Function],
  "findAllByTestId": [Function],
  "findAllByText": [Function],
  "findAllByTitle": [Function],
  "findByAltText": [Function],
  "findByDisplayValue": [Function],
  "findByLabelText": [Function],
  "findByPlaceholderText": [Function],
  "findByRole": [Function],
  "findByTestId": [Function],
  "findByText": [Function],
  "findByTitle": [Function],
  "getAllByAltText": [Function],
  "getAllByDisplayValue": [Function],
  "getAllByLabelText": [Function],
  "getAllByPlaceholderText": [Function],
  "getAllByRole": [Function],
  "getAllByTestId": [Function],
  "getAllByText": [Function],
  "getAllByTitle": [Function],
  "getByAltText": [Function],
  "getByDisplayValue": [Function],
  "getByLabelText": [Function],
  "getByPlaceholderText": [Function],
  "getByRole": [Function],
  "getByTestId": [Function],
  "getByText": [Function],
  "getByTitle": [Function],
  "queryAllByAltText": [Function],
  "queryAllByDisplayValue": [Function],
  "queryAllByLabelText": [Function],
  "queryAllByPlaceholderText": [Function],
  "queryAllByRole": [Function],
  "queryAllByTestId": [Function],
  "queryAllByText": [Function],
  "queryAllByTitle": [Function],
  "queryByAltText": [Function],
  "queryByDisplayValue": [Function],
  "queryByLabelText": [Function],
  "queryByPlaceholderText": [Function],
  "queryByRole": [Function],
  "queryByTestId": [Function],
  "queryByText": [Function],
  "queryByTitle": [Function],
  "rerender": [Function],
  "unmount": [Function],
}
`;
