// Jest Snapshot v1, https://goo.gl/fbAQLP

exports[`management information reports homepage matches snapshot 1`] = `
Object {
  "asFragment": [Function],
  "baseElement": <body>
    <div>
      <div
        class="phase-banner"
      >
        <div
          class="container "
        >
          <div
            class="grid grid--flex grid--gutterless grid--vertical-center grid--no-wrap"
          >
            <div
              class="grid__col col-auto u-flex-no-grow"
            >
              <h3
                class="phase-banner__badge"
              >
                BETA
              </h3>
            </div>
            <div
              class="grid__col col-auto u-flex-shrink"
            >
              <p
                class="phase-banner__desc u-fs-s u-mb-no"
              >
                This is a new service – your 
                <a
                  href="https://ons.service-now.com/"
                >
                  feedback
                </a>
                 will help us improve it.
              </p>
            </div>
          </div>
        </div>
      </div>
      <header
        class="header header--internal"
      >
        <div
          class="header__top"
          role="banner"
        >
          <div
            class="container"
          >
            <div
              class="header__grid-top grid grid--gutterless grid--flex grid--between grid--vertical-center grid--no-wrap "
            >
              <div
                class="grid__col col-auto"
              >
                <a
                  class="header__logo-link"
                  href="/"
                >
                  <picture>
                    <img
                      alt="Office for National Statistics logo"
                      class="header__logo"
                      src="https://cdn.ons.gov.uk/sdc/design-system/31.4.0/img/ons-logo-neg-en.svg"
                    />
                  </picture>
                </a>
              </div>
            </div>
          </div>
        </div>
        <div
          class="header__main"
        >
          <div
            class="container"
          >
            <div
              class="grid grid--gutterless grid--flex grid--between grid--vertical-center grid--no-wrap"
            >
              <div
                class="grid__col col-auto u-flex-shrink"
              >
                <div
                  class="header__title"
                >
                  Management Information Reports
                </div>
              </div>
            </div>
          </div>
        </div>
      </header>
      <div
        class="page__container container"
        style="min-height: calc(67vh);"
      >
        <main
          class="page__main"
          id="main-content"
        >
          <div
            class="panel panel--info panel--no-title  u-mt-m"
          >
            <div
              class="panel__body "
            >
              <p>
                Data in these reports could be up to 24 hours out of date.
                <br />
                <br />
                These reports only go back to the last 12 months.
              </p>
            </div>
          </div>
          <br />
          <div
            class="grid grid--column@xxs@s u-mt-m"
          >
            <div
              class="grid__col col-6@m"
            >
              <div
                aria-describedby="interviewer-call-history-text"
                aria-labelledby="interviewer-call-history"
                class="card"
              >
                <h2
                  class="u-fs-m"
                  id="interviewer-call-history"
                >
                  <a
                    href="/interviewer-call-history"
                  >
                    Interviewer Call History
                  </a>
                </h2>
                <p
                  id="interviewer-call-history-text"
                >
                  Generate report to see an interviewers call history over a given date range.
                </p>
              </div>
            </div>
            <div
              class="grid__col col-6@m"
            >
              <div
                aria-describedby="interviewer-call-pattern-text"
                aria-labelledby="interviewer-call-pattern"
                class="card"
              >
                <h2
                  class="u-fs-m"
                  id="interviewer-call-pattern"
                >
                  <a
                    href="/interviewer-call-pattern"
                  >
                    Interviewer Call Pattern
                  </a>
                </h2>
                <p
                  id="interviewer-call-pattern-text"
                >
                  Generate report to analyse productivity of an interviewer over a given date range.
                </p>
              </div>
            </div>
          </div>
          <div
            class="grid grid--column@xxs@s  u-mt-m"
          />
        </main>
      </div>
      <footer
        class="footer"
      >
        <div
          class="footer__body"
          data-analytics="footer"
        >
          <div
            class="container "
          >
            <div
              class="grid grid--flex grid--between"
            >
              <div
                class="grid__col"
              >
                <div
                  class="u-mt-m u-mb-s"
                >
                  <img
                    alt="Office for National Statistics"
                    src="https://ons-design-system.netlify.app/img/ons-logo-black-en.svg"
                  />
                </div>
              </div>
            </div>
          </div>
        </div>
      </footer>
    </div>
  </body>,
  "container": <div>
    <div
      class="phase-banner"
    >
      <div
        class="container "
      >
        <div
          class="grid grid--flex grid--gutterless grid--vertical-center grid--no-wrap"
        >
          <div
            class="grid__col col-auto u-flex-no-grow"
          >
            <h3
              class="phase-banner__badge"
            >
              BETA
            </h3>
          </div>
          <div
            class="grid__col col-auto u-flex-shrink"
          >
            <p
              class="phase-banner__desc u-fs-s u-mb-no"
            >
              This is a new service – your 
              <a
                href="https://ons.service-now.com/"
              >
                feedback
              </a>
               will help us improve it.
            </p>
          </div>
        </div>
      </div>
    </div>
    <header
      class="header header--internal"
    >
      <div
        class="header__top"
        role="banner"
      >
        <div
          class="container"
        >
          <div
            class="header__grid-top grid grid--gutterless grid--flex grid--between grid--vertical-center grid--no-wrap "
          >
            <div
              class="grid__col col-auto"
            >
              <a
                class="header__logo-link"
                href="/"
              >
                <picture>
                  <img
                    alt="Office for National Statistics logo"
                    class="header__logo"
                    src="https://cdn.ons.gov.uk/sdc/design-system/31.4.0/img/ons-logo-neg-en.svg"
                  />
                </picture>
              </a>
            </div>
          </div>
        </div>
      </div>
      <div
        class="header__main"
      >
        <div
          class="container"
        >
          <div
            class="grid grid--gutterless grid--flex grid--between grid--vertical-center grid--no-wrap"
          >
            <div
              class="grid__col col-auto u-flex-shrink"
            >
              <div
                class="header__title"
              >
                Management Information Reports
              </div>
            </div>
          </div>
        </div>
      </div>
    </header>
    <div
      class="page__container container"
      style="min-height: calc(67vh);"
    >
      <main
        class="page__main"
        id="main-content"
      >
        <div
          class="panel panel--info panel--no-title  u-mt-m"
        >
          <div
            class="panel__body "
          >
            <p>
              Data in these reports could be up to 24 hours out of date.
              <br />
              <br />
              These reports only go back to the last 12 months.
            </p>
          </div>
        </div>
        <br />
        <div
          class="grid grid--column@xxs@s u-mt-m"
        >
          <div
            class="grid__col col-6@m"
          >
            <div
              aria-describedby="interviewer-call-history-text"
              aria-labelledby="interviewer-call-history"
              class="card"
            >
              <h2
                class="u-fs-m"
                id="interviewer-call-history"
              >
                <a
                  href="/interviewer-call-history"
                >
                  Interviewer Call History
                </a>
              </h2>
              <p
                id="interviewer-call-history-text"
              >
                Generate report to see an interviewers call history over a given date range.
              </p>
            </div>
          </div>
          <div
            class="grid__col col-6@m"
          >
            <div
              aria-describedby="interviewer-call-pattern-text"
              aria-labelledby="interviewer-call-pattern"
              class="card"
            >
              <h2
                class="u-fs-m"
                id="interviewer-call-pattern"
              >
                <a
                  href="/interviewer-call-pattern"
                >
                  Interviewer Call Pattern
                </a>
              </h2>
              <p
                id="interviewer-call-pattern-text"
              >
                Generate report to analyse productivity of an interviewer over a given date range.
              </p>
            </div>
          </div>
        </div>
        <div
          class="grid grid--column@xxs@s  u-mt-m"
        />
      </main>
    </div>
    <footer
      class="footer"
    >
      <div
        class="footer__body"
        data-analytics="footer"
      >
        <div
          class="container "
        >
          <div
            class="grid grid--flex grid--between"
          >
            <div
              class="grid__col"
            >
              <div
                class="u-mt-m u-mb-s"
              >
                <img
                  alt="Office for National Statistics"
                  src="https://ons-design-system.netlify.app/img/ons-logo-black-en.svg"
                />
              </div>
            </div>
          </div>
        </div>
      </div>
    </footer>
  </div>,
  "debug": [Function],
  "findAllByAltText": [Function],
  "findAllByDisplayValue": [Function],
  "findAllByLabelText": [Function],
  "findAllByPlaceholderText": [Function],
  "findAllByRole": [Function],
  "findAllByTestId": [Function],
  "findAllByText": [Function],
  "findAllByTitle": [Function],
  "findByAltText": [Function],
  "findByDisplayValue": [Function],
  "findByLabelText": [Function],
  "findByPlaceholderText": [Function],
  "findByRole": [Function],
  "findByTestId": [Function],
  "findByText": [Function],
  "findByTitle": [Function],
  "getAllByAltText": [Function],
  "getAllByDisplayValue": [Function],
  "getAllByLabelText": [Function],
  "getAllByPlaceholderText": [Function],
  "getAllByRole": [Function],
  "getAllByTestId": [Function],
  "getAllByText": [Function],
  "getAllByTitle": [Function],
  "getByAltText": [Function],
  "getByDisplayValue": [Function],
  "getByLabelText": [Function],
  "getByPlaceholderText": [Function],
  "getByRole": [Function],
  "getByTestId": [Function],
  "getByText": [Function],
  "getByTitle": [Function],
  "queryAllByAltText": [Function],
  "queryAllByDisplayValue": [Function],
  "queryAllByLabelText": [Function],
  "queryAllByPlaceholderText": [Function],
  "queryAllByRole": [Function],
  "queryAllByTestId": [Function],
  "queryAllByText": [Function],
  "queryAllByTitle": [Function],
  "queryByAltText": [Function],
  "queryByDisplayValue": [Function],
  "queryByLabelText": [Function],
  "queryByPlaceholderText": [Function],
  "queryByRole": [Function],
  "queryByTestId": [Function],
  "queryByText": [Function],
  "queryByTitle": [Function],
  "rerender": [Function],
  "unmount": [Function],
}
`;
